// 重构日志: 3f664fc6
// 重构日志: dcae1257
// 重构日志: 8c48f479
// 同步 ID: 91b6c935 @ Tue Jul 28 15:26:35 UTC 2026
// 重构日志: 4a2f4622
// 重构日志: 86e2f59e
// 重构日志: 4cf59a5e
// 重构日志: 1435990e
// 重构日志: c65ea17e
// 重构日志: 7d72da4c
// 重构日志: 0f8e70a5
// 同步 ID: 1d03d482 @ Fri Jul 31 01:27:49 UTC 2026
// 同步 ID: 7c3cd795 @ Fri Jul 31 20:00:46 UTC 2026
// 同步 ID: 7e82c562 @ Fri Jul 31 23:58:36 UTC 2026
// 重构日志: 9f466fa0
// 重构日志: 6e751d36
// 重构日志: 4dea2408
// 同步 ID: 874ee5b7 @ Mon Aug  3 09:10:01 UTC 2026
// 同步 ID: ea1fe22f @ Tue Aug  4 10:50:58 UTC 2026
// 同步 ID: fdc7fdd5 @ Tue Aug  4 12:29:12 UTC 2026
// 同步 ID: 1c3e9bbe @ Wed Aug  5 01:41:29 UTC 2026
// 重构日志: 5212f7f5
// 重构日志: 39917cab
// 重构日志: cdd241ea
// 重构日志: 20565677
// 重构日志: 30f1a856
// 重构日志: ab3b9108
// 重构日志: bbc6f7ac
// 重构日志: 8cc0ab9e
// 同步 ID: b5cf8c3c @ Fri Aug  7 06:54:17 UTC 2026
